// Jest Snapshot v1, https://goo.gl/fbAQLP

exports[`expect to render Card component 1`] = `
<Provider
  store={
    Object {
      "clearActions": [Function],
      "dispatch": [Function],
      "getActions": [Function],
      "getState": [Function],
      "replaceReducer": [Function],
      "subscribe": [Function],
    }
  }
>
  <CardList>
    <Card
      robots={
        Array [
          Object {
            "email": "robocop@gmail.com",
            "id": 1,
            "key": 1,
            "name": "robocop",
          },
        ]
      }
    />
  </CardList>
</Provider>
`;
